// Jest Snapshot v1, https://goo.gl/fbAQLP

exports[`<Footer /> should render and match the snapshot 1`] = `
<footer
  className="Wrapper-wcfdfo-0 dPvBog"
>
  <section>
    <span>
      This project was made by Ivan Yang with the 
      <a
        className="A-br8h0y-0 dwVNvo"
        href="https://github.com/react-boilerplate/react-boilerplate"
      >
        React Boilerplate
      </a>
      .
    </span>
  </section>
  <section>
    <span>
      
      Made for 
      <a
        className="A-br8h0y-0 dwVNvo"
        href="https://www.dovenmuehle.com/"
      >
        Dovenmuehle
      </a>
      .
    
    </span>
  </section>
</footer>
`;
